npm warn Unknown cli config "--watchAll". This will stop working in the next major version of npm.

> myapp@0.0.0 test
> vitest


[1m[44m DEV [49m[22m [34mv4.0.16 [39m[90mC:/Users/USER/Music/WEBSITES/sweetmacarons[39m


ÔÄ»ÔÄ»ÔÄ»ÔÄ»ÔÄ»ÔÄ» Failed Suites 3 ÔÄ»ÔÄ»ÔÄ»ÔÄ»ÔÄ»ÔÄ»ÔÄ»

 FAIL  src/App.test.jsx [ src/App.test.jsx ]
 FAIL  src/Footer.test.jsx [ src/Footer.test.jsx ]
 FAIL  src/Header.test.jsx [ src/Header.test.jsx ]
TypeError: Cannot convert undefined or null to object
 ÔØ» src/setupTests.js:7:8
      5| 
      6| // extends Vitest's expect method with methods from react-testing-librÔÇª
      7| expect.extend(matchers);
       |        ^
      8| 
      9| // runs a cleanup after each test case (e.g. clearing jsdom)

ÔÄ»ÔÄ»ÔÄ»ÔÄ»ÔÄ»ÔÄ»ÔÄ»ÔÄ»ÔÄ»ÔÄ»ÔÄ»ÔÄ»ÔÄ»ÔÄ»ÔÄ»ÔÄ»ÔÄ»ÔÄ»ÔÄ»ÔÄ»ÔÄ»ÔÄ»ÔÄ»ÔÄ»[1/3]ÔÄ»


[2m Test Files [22m [1m[31m3 failed[39m[22m[90m (3)[39m
[2m      Tests [22m [2mno tests[22m
[2m   Start at [22m 11:12:24
[2m   Duration [22m 3.06s[2m (transform 76ms, setup 0ms, import 0ms, tests 0ms, environment 5.93s)[22m

[1m[41m FAIL [49m[22m [31mTests failed. Watching for file changes...[39m
       [2mpress [22m[1mh[22m[2m to show help[22m[2m, [22m[2mpress [22m[1mq[22m[2m to quit[22m
